// Vitest Snapshot v1, https://vitest.dev/guide/snapshot.html

exports[`scrape voiceActors > should be the same voiceActors 1`] = `
[
  {
    "description": "Tokyo accent, female",
    "name": "Kyoko",
  },
  {
    "description": "Tokyo accent, male",
    "name": "Kenichi",
  },
]
`;
